Ошибок не обнаружено.
